Run at UTC Sat Nov  8 20:29:39 UTC 2025
Run at UTC Sun Nov  9 16:42:04 UTC 2025
Run at UTC Mon Nov 10 16:49:26 UTC 2025
Run at UTC Tue Nov 11 16:48:27 UTC 2025
Run at UTC Wed Nov 12 16:50:25 UTC 2025
Run at UTC Thu Nov 13 16:48:40 UTC 2025
Run at UTC Fri Nov 14 16:48:38 UTC 2025
Run at UTC Sat Nov 15 16:41:52 UTC 2025
Run at UTC Sun Nov 16 16:42:52 UTC 2025
Run at UTC Mon Nov 17 16:50:42 UTC 2025
Run at UTC Tue Nov 18 16:51:06 UTC 2025
Run at UTC Wed Nov 19 16:49:25 UTC 2025
Run at UTC Thu Nov 20 16:49:53 UTC 2025
Run at UTC Fri Nov 21 16:44:44 UTC 2025
Run at UTC Sat Nov 22 16:43:24 UTC 2025
Run at UTC Sun Nov 23 16:43:30 UTC 2025
Run at UTC Mon Nov 24 16:45:03 UTC 2025
Run at UTC Tue Nov 25 16:51:47 UTC 2025
Run at UTC Wed Nov 26 16:49:51 UTC 2025
Run at UTC Thu Nov 27 16:46:54 UTC 2025
Run at UTC Fri Nov 28 16:46:02 UTC 2025
Run at UTC Sat Nov 29 16:44:44 UTC 2025
Run at UTC Sun Nov 30 16:44:45 UTC 2025
Run at UTC Mon Dec  1 16:52:19 UTC 2025
Run at UTC Tue Dec  2 16:52:48 UTC 2025
Run at UTC Wed Dec  3 16:53:06 UTC 2025
Run at UTC Thu Dec  4 16:52:55 UTC 2025
Run at UTC Fri Dec  5 16:49:38 UTC 2025
Run at UTC Sat Dec  6 16:44:46 UTC 2025
Run at UTC Sun Dec  7 16:43:53 UTC 2025
Run at UTC Mon Dec  8 16:51:41 UTC 2025
Run at UTC Tue Dec  9 16:51:15 UTC 2025
Run at UTC Wed Dec 10 16:51:43 UTC 2025
Run at UTC Thu Dec 11 16:56:20 UTC 2025
Run at UTC Fri Dec 12 16:47:32 UTC 2025
Run at UTC Sat Dec 13 16:45:26 UTC 2025
Run at UTC Sun Dec 14 16:45:43 UTC 2025
Run at UTC Mon Dec 15 16:56:26 UTC 2025
Run at UTC Tue Dec 16 16:54:17 UTC 2025
Run at UTC Wed Dec 17 16:54:15 UTC 2025
Run at UTC Thu Dec 18 16:54:01 UTC 2025
Run at UTC Fri Dec 19 16:50:04 UTC 2025
Run at UTC Sat Dec 20 16:44:35 UTC 2025
Run at UTC Sun Dec 21 16:45:25 UTC 2025
Run at UTC Mon Dec 22 16:50:13 UTC 2025
Run at UTC Tue Dec 23 16:51:00 UTC 2025
Run at UTC Wed Dec 24 16:48:13 UTC 2025
Run at UTC Thu Dec 25 16:48:21 UTC 2025
Run at UTC Fri Dec 26 16:46:02 UTC 2025
Run at UTC Sat Dec 27 16:46:07 UTC 2025
Run at UTC Sun Dec 28 16:47:25 UTC 2025
Run at UTC Mon Dec 29 16:49:35 UTC 2025
Run at UTC Tue Dec 30 16:51:10 UTC 2025
Run at UTC Wed Dec 31 16:48:25 UTC 2025
Run at UTC Thu Jan  1 16:49:39 UTC 2026
Run at UTC Fri Jan  2 16:49:15 UTC 2026
Run at UTC Sat Jan  3 16:47:04 UTC 2026
Run at UTC Sun Jan  4 16:46:38 UTC 2026
Run at UTC Mon Jan  5 16:51:16 UTC 2026
Run at UTC Tue Jan  6 16:54:06 UTC 2026
Run at UTC Wed Jan  7 16:56:01 UTC 2026
Run at UTC Thu Jan  8 16:56:03 UTC 2026
Run at UTC Fri Jan  9 16:53:27 UTC 2026
Run at UTC Sat Jan 10 16:47:06 UTC 2026
Run at UTC Sun Jan 11 16:47:17 UTC 2026
Run at UTC Mon Jan 12 16:53:08 UTC 2026
Run at UTC Tue Jan 13 16:57:14 UTC 2026
Run at UTC Wed Jan 14 16:56:21 UTC 2026
Run at UTC Thu Jan 15 17:02:05 UTC 2026
Run at UTC Fri Jan 16 16:53:30 UTC 2026
Run at UTC Sat Jan 17 16:45:03 UTC 2026
Run at UTC Sun Jan 18 16:46:45 UTC 2026
Run at UTC Mon Jan 19 16:54:48 UTC 2026
Run at UTC Tue Jan 20 16:58:47 UTC 2026
Run at UTC Wed Jan 21 17:36:38 UTC 2026
Run at UTC Thu Jan 22 16:59:25 UTC 2026
Run at UTC Fri Jan 23 16:56:13 UTC 2026
Run at UTC Sat Jan 24 16:47:31 UTC 2026
Run at UTC Sun Jan 25 16:48:48 UTC 2026
Run at UTC Mon Jan 26 16:59:50 UTC 2026
Run at UTC Tue Jan 27 16:57:06 UTC 2026
Run at UTC Wed Jan 28 17:04:43 UTC 2026
Run at UTC Thu Jan 29 17:04:43 UTC 2026
Run at UTC Fri Jan 30 17:05:53 UTC 2026
Run at UTC Sat Jan 31 16:53:48 UTC 2026
Run at UTC Sun Feb  1 16:54:08 UTC 2026
Run at UTC Mon Feb  2 17:08:52 UTC 2026
Run at UTC Tue Feb  3 17:27:33 UTC 2026
Run at UTC Wed Feb  4 17:13:42 UTC 2026
Run at UTC Thu Feb  5 17:24:12 UTC 2026
Run at UTC Fri Feb  6 17:11:00 UTC 2026
Run at UTC Sat Feb  7 16:55:36 UTC 2026
Run at UTC Sun Feb  8 16:56:46 UTC 2026
Run at UTC Mon Feb  9 17:26:20 UTC 2026
Run at UTC Tue Feb 10 17:33:23 UTC 2026
Run at UTC Wed Feb 11 17:32:07 UTC 2026
Run at UTC Thu Feb 12 17:33:28 UTC 2026
Run at UTC Fri Feb 13 17:13:28 UTC 2026
Run at UTC Sat Feb 14 16:55:13 UTC 2026
Run at UTC Sun Feb 15 16:56:24 UTC 2026
Run at UTC Mon Feb 16 17:09:21 UTC 2026
Run at UTC Tue Feb 17 17:31:57 UTC 2026
Run at UTC Wed Feb 18 17:33:53 UTC 2026
Run at UTC Thu Feb 19 17:28:14 UTC 2026
Run at UTC Fri Feb 20 17:06:00 UTC 2026
Run at UTC Sat Feb 21 16:54:11 UTC 2026
Run at UTC Sun Feb 22 16:55:39 UTC 2026
Run at UTC Mon Feb 23 17:37:06 UTC 2026
Run at UTC Tue Feb 24 17:33:47 UTC 2026
Run at UTC Wed Feb 25 17:33:48 UTC 2026
Run at UTC Thu Feb 26 17:34:57 UTC 2026
Run at UTC Fri Feb 27 17:02:50 UTC 2026
Run at UTC Sat Feb 28 16:48:30 UTC 2026
Run at UTC Sun Mar  1 16:50:22 UTC 2026
Run at UTC Mon Mar  2 17:11:18 UTC 2026
Run at UTC Tue Mar  3 17:10:48 UTC 2026
Run at UTC Wed Mar  4 17:07:33 UTC 2026
Run at UTC Thu Mar  5 18:25:49 UTC 2026
Run at UTC Fri Mar  6 17:04:54 UTC 2026
Run at UTC Sat Mar  7 16:49:50 UTC 2026
Run at UTC Sun Mar  8 16:51:30 UTC 2026
Run at UTC Mon Mar  9 17:24:24 UTC 2026
Run at UTC Tue Mar 10 17:12:50 UTC 2026
Run at UTC Wed Mar 11 17:25:35 UTC 2026
Run at UTC Thu Mar 12 17:25:36 UTC 2026
Run at UTC Fri Mar 13 17:04:42 UTC 2026
Run at UTC Sat Mar 14 16:55:31 UTC 2026
Run at UTC Sun Mar 15 16:55:43 UTC 2026
Run at UTC Mon Mar 16 17:33:28 UTC 2026
Run at UTC Tue Mar 17 17:34:18 UTC 2026
Run at UTC Wed Mar 18 17:35:24 UTC 2026
Run at UTC Thu Mar 19 17:31:04 UTC 2026
Run at UTC Fri Mar 20 17:07:57 UTC 2026
Run at UTC Sat Mar 21 16:53:35 UTC 2026
Run at UTC Sun Mar 22 16:54:20 UTC 2026
Run at UTC Mon Mar 23 17:13:13 UTC 2026
Run at UTC Tue Mar 24 17:29:26 UTC 2026
Run at UTC Wed Mar 25 17:33:21 UTC 2026
Run at UTC Thu Mar 26 17:34:26 UTC 2026
Run at UTC Fri Mar 27 17:25:53 UTC 2026
Run at UTC Sat Mar 28 16:58:30 UTC 2026
Run at UTC Sun Mar 29 17:01:25 UTC 2026
Run at UTC Mon Mar 30 17:27:44 UTC 2026
Run at UTC Tue Mar 31 17:30:33 UTC 2026
Run at UTC Wed Apr  1 17:28:11 UTC 2026
Run at UTC Thu Apr  2 17:13:21 UTC 2026
Run at UTC Fri Apr  3 17:02:46 UTC 2026
Run at UTC Sat Apr  4 17:01:36 UTC 2026
Run at UTC Sun Apr  5 17:01:49 UTC 2026
Run at UTC Mon Apr  6 17:12:28 UTC 2026
Run at UTC Tue Apr  7 17:31:06 UTC 2026
Run at UTC Wed Apr  8 17:39:17 UTC 2026
Run at UTC Thu Apr  9 17:35:45 UTC 2026
Run at UTC Fri Apr 10 17:12:38 UTC 2026
Run at UTC Sat Apr 11 17:03:15 UTC 2026
Run at UTC Sun Apr 12 17:03:44 UTC 2026
Run at UTC Mon Apr 13 17:37:31 UTC 2026
Run at UTC Tue Apr 14 17:42:05 UTC 2026
Run at UTC Wed Apr 15 17:37:53 UTC 2026
Run at UTC Thu Apr 16 17:50:18 UTC 2026
Run at UTC Fri Apr 17 17:12:55 UTC 2026
Run at UTC Sat Apr 18 17:03:55 UTC 2026
Run at UTC Sun Apr 19 17:04:05 UTC 2026
Run at UTC Mon Apr 20 17:34:47 UTC 2026
Run at UTC Tue Apr 21 17:33:17 UTC 2026
Run at UTC Wed Apr 22 17:31:50 UTC 2026
Run at UTC Thu Apr 23 17:52:03 UTC 2026
Run at UTC Fri Apr 24 17:28:43 UTC 2026
Run at UTC Sat Apr 25 17:08:10 UTC 2026
Run at UTC Sun Apr 26 17:08:25 UTC 2026
Run at UTC Mon Apr 27 17:47:26 UTC 2026
Run at UTC Tue Apr 28 18:02:07 UTC 2026
Run at UTC Wed Apr 29 17:55:59 UTC 2026
Run at UTC Thu Apr 30 17:49:38 UTC 2026
Run at UTC Fri May  1 17:31:52 UTC 2026
Run at UTC Sat May  2 17:12:47 UTC 2026
Run at UTC Sun May  3 17:22:43 UTC 2026
Run at UTC Mon May  4 17:59:42 UTC 2026
Run at UTC Tue May  5 17:58:14 UTC 2026
Run at UTC Wed May  6 17:58:29 UTC 2026
Run at UTC Thu May  7 18:05:53 UTC 2026
Run at UTC Fri May  8 17:51:16 UTC 2026
Run at UTC Sat May  9 17:27:22 UTC 2026
Run at UTC Sun May 10 17:27:45 UTC 2026
Run at UTC Mon May 11 18:16:12 UTC 2026
Run at UTC Tue May 12 18:20:32 UTC 2026
Run at UTC Wed May 13 18:22:09 UTC 2026
Run at UTC Thu May 14 18:14:22 UTC 2026
Run at UTC Fri May 15 18:01:28 UTC 2026
Run at UTC Sat May 16 17:29:10 UTC 2026
Run at UTC Sun May 17 17:31:37 UTC 2026
Run at UTC Mon May 18 18:17:41 UTC 2026
Run at UTC Tue May 19 18:20:25 UTC 2026
Run at UTC Wed May 20 18:39:05 UTC 2026
Run at UTC Thu May 21 18:18:16 UTC 2026
Run at UTC Fri May 22 18:14:17 UTC 2026
Run at UTC Sat May 23 17:32:42 UTC 2026
Run at UTC Sun May 24 17:30:42 UTC 2026
Run at UTC Mon May 25 18:08:16 UTC 2026
Run at UTC Tue May 26 18:40:48 UTC 2026
Run at UTC Wed May 27 18:37:40 UTC 2026
Run at UTC Thu May 28 19:08:56 UTC 2026
Run at UTC Fri May 29 19:07:28 UTC 2026
Run at UTC Sat May 30 17:34:17 UTC 2026
Run at UTC Sun May 31 17:36:48 UTC 2026
Run at UTC Mon Jun  1 20:42:07 UTC 2026
Run at UTC Tue Jun  2 19:55:25 UTC 2026
Run at UTC Wed Jun  3 20:00:52 UTC 2026
Run at UTC Thu Jun  4 18:33:01 UTC 2026
Run at UTC Fri Jun  5 18:20:52 UTC 2026
Run at UTC Sat Jun  6 17:40:22 UTC 2026
Run at UTC Sun Jun  7 17:46:42 UTC 2026
Run at UTC Mon Jun  8 18:40:58 UTC 2026
Run at UTC Tue Jun  9 18:28:55 UTC 2026
Run at UTC Wed Jun 10 19:08:56 UTC 2026
Run at UTC Thu Jun 11 19:17:42 UTC 2026
Run at UTC Fri Jun 12 18:22:53 UTC 2026
Run at UTC Sat Jun 13 17:52:23 UTC 2026
Run at UTC Sun Jun 14 17:55:56 UTC 2026
Run at UTC Mon Jun 15 20:00:43 UTC 2026
Run at UTC Tue Jun 16 19:54:31 UTC 2026
Run at UTC Wed Jun 17 18:40:15 UTC 2026
Run at UTC Thu Jun 18 18:40:26 UTC 2026
Run at UTC Fri Jun 19 18:14:51 UTC 2026
Run at UTC Sat Jun 20 17:53:29 UTC 2026
Run at UTC Sun Jun 21 18:03:44 UTC 2026
Run at UTC Mon Jun 22 19:53:08 UTC 2026
Run at UTC Tue Jun 23 18:19:00 UTC 2026
Run at UTC Wed Jun 24 18:15:41 UTC 2026
Run at UTC Thu Jun 25 18:31:13 UTC 2026
Run at UTC Fri Jun 26 18:08:41 UTC 2026
Run at UTC Sat Jun 27 17:35:49 UTC 2026
Run at UTC Sun Jun 28 17:42:49 UTC 2026
Run at UTC Mon Jun 29 18:28:43 UTC 2026
Run at UTC Tue Jun 30 18:17:55 UTC 2026
Run at UTC Wed Jul  1 18:23:44 UTC 2026
Run at UTC Thu Jul  2 18:12:15 UTC 2026
Run at UTC Fri Jul  3 17:55:47 UTC 2026
Run at UTC Sat Jul  4 17:32:38 UTC 2026
Run at UTC Sun Jul  5 17:35:21 UTC 2026
Run at UTC Mon Jul  6 18:25:23 UTC 2026
Run at UTC Tue Jul  7 18:27:41 UTC 2026
Run at UTC Wed Jul  8 17:58:07 UTC 2026
Run at UTC Thu Jul  9 18:16:04 UTC 2026
Run at UTC Fri Jul 10 18:06:54 UTC 2026
Run at UTC Sat Jul 11 17:28:43 UTC 2026
Run at UTC Sun Jul 12 17:31:29 UTC 2026
Run at UTC Mon Jul 13 18:15:43 UTC 2026
Run at UTC Tue Jul 14 17:39:34 UTC 2026
Run at UTC Wed Jul 15 17:45:34 UTC 2026
Run at UTC Thu Jul 16 17:45:16 UTC 2026
Run at UTC Fri Jul 17 17:36:39 UTC 2026
Run at UTC Sat Jul 18 17:28:43 UTC 2026
Run at UTC Sun Jul 19 17:30:23 UTC 2026
Run at UTC Mon Jul 20 18:27:45 UTC 2026
